// Jest Snapshot v1, https://goo.gl/fbAQLP

exports[`Navigation renders correctly 1`] = `
<nav
  aria-label="main navigation"
  className="nav is-clearfix"
  role="navigation"
>
  <div
    class="is-pulled-left site-brand"
  >
    <mockConstructor
      to="/"
    >
      graphql.explore-tech.org
    </mockConstructor>
  </div>
  <div>
    <a
      className="is-pulled-right"
      href="https://github.com/boyney123/graphql.explore-tech.org"
      target="_blank"
    >
      GitHub
    </a>
  </div>
</nav>
`;
